TimeQuest Timing Analyzer report for 7segmentosWithClock
Wed May 03 08:52:58 2017
Quartus II 64-Bit Version 14.1.0 Build 186 12/03/2014 SJ Web Edition


---------------------
; Table of Contents ;
---------------------
  1. Legal Notice
  2. TimeQuest Timing Analyzer Summary
  3. Clocks
  4. Slow 1200mV 85C Model Fmax Summary
  5. Timing Closure Recommendations
  6. Slow 1200mV 85C Model Setup Summary
  7. Slow 1200mV 85C Model Hold Summary
  8. Slow 1200mV 85C Model Recovery Summary
  9. Slow 1200mV 85C Model Removal Summary
 10. Slow 1200mV 85C Model Minimum Pulse Width Summary
 11. Slow 1200mV 85C Model Setup: 'clock'
 12. Slow 1200mV 85C Model Hold: 'clock'
 13. Slow 1200mV 85C Model Minimum Pulse Width: 'clock'
 14. Clock to Output Times
 15. Minimum Clock to Output Times
 16. Propagation Delay
 17. Minimum Propagation Delay
 18. Slow 1200mV 85C Model Metastability Report
 19. Slow 1200mV 0C Model Fmax Summary
 20. Slow 1200mV 0C Model Setup Summary
 21. Slow 1200mV 0C Model Hold Summary
 22. Slow 1200mV 0C Model Recovery Summary
 23. Slow 1200mV 0C Model Removal Summary
 24. Slow 1200mV 0C Model Minimum Pulse Width Summary
 25. Slow 1200mV 0C Model Setup: 'clock'
 26. Slow 1200mV 0C Model Hold: 'clock'
 27. Slow 1200mV 0C Model Minimum Pulse Width: 'clock'
 28. Clock to Output Times
 29. Minimum Clock to Output Times
 30. Propagation Delay
 31. Minimum Propagation Delay
 32. Slow 1200mV 0C Model Metastability Report
 33. Fast 1200mV 0C Model Setup Summary
 34. Fast 1200mV 0C Model Hold Summary
 35. Fast 1200mV 0C Model Recovery Summary
 36. Fast 1200mV 0C Model Removal Summary
 37. Fast 1200mV 0C Model Minimum Pulse Width Summary
 38. Fast 1200mV 0C Model Setup: 'clock'
 39. Fast 1200mV 0C Model Hold: 'clock'
 40. Fast 1200mV 0C Model Minimum Pulse Width: 'clock'
 41. Clock to Output Times
 42. Minimum Clock to Output Times
 43. Propagation Delay
 44. Minimum Propagation Delay
 45. Fast 1200mV 0C Model Metastability Report
 46. Multicorner Timing Analysis Summary
 47. Clock to Output Times
 48. Minimum Clock to Output Times
 49. Propagation Delay
 50. Minimum Propagation Delay
 51. Board Trace Model Assignments
 52. Input Transition Times
 53. Signal Integrity Metrics (Slow 1200mv 0c Model)
 54. Signal Integrity Metrics (Slow 1200mv 85c Model)
 55. Signal Integrity Metrics (Fast 1200mv 0c Model)
 56. Setup Transfers
 57. Hold Transfers
 58. Report TCCS
 59. Report RSKM
 60. Unconstrained Paths
 61. TimeQuest Timing Analyzer Messages



----------------
; Legal Notice ;
----------------
Copyright (C) 1991-2014 Altera Corporation. All rights reserved.
Your use of Altera Corporation's design tools, logic functions 
and other software and tools, and its AMPP partner logic 
functions, and any output files from any of the foregoing 
(including device programming or simulation files), and any 
associated documentation or information are expressly subject 
to the terms and conditions of the Altera Program License 
Subscription Agreement, the Altera Quartus II License Agreement,
the Altera MegaCore Function License Agreement, or other 
applicable license agreement, including, without limitation, 
that your use is for the sole purpose of programming logic 
devices manufactured by Altera and sold by Altera or its 
authorized distributors.  Please refer to the applicable 
agreement for further details.



+-------------------------------------------------------------------------+
; TimeQuest Timing Analyzer Summary                                       ;
+--------------------+----------------------------------------------------+
; Quartus II Version ; Version 14.1.0 Build 186 12/03/2014 SJ Web Edition ;
; Revision Name      ; 7segmentosWithClock                                ;
; Device Family      ; Cyclone IV GX                                      ;
; Device Name        ; EP4CGX15BF14C6                                     ;
; Timing Models      ; Final                                              ;
; Delay Model        ; Combined                                           ;
; Rise/Fall Delays   ; Enabled                                            ;
+--------------------+----------------------------------------------------+


+-----------------------------------------------------------------------------------------------------------------------------------------------------------------------------------+
; Clocks                                                                                                                                                                            ;
+------------+------+--------+------------+-------+-------+------------+-----------+-------------+-------+--------+-----------+------------+----------+--------+--------+-----------+
; Clock Name ; Type ; Period ; Frequency  ; Rise  ; Fall  ; Duty Cycle ; Divide by ; Multiply by ; Phase ; Offset ; Edge List ; Edge Shift ; Inverted ; Master ; Source ; Targets   ;
+------------+------+--------+------------+-------+-------+------------+-----------+-------------+-------+--------+-----------+------------+----------+--------+--------+-----------+
; clock      ; Base ; 1.000  ; 1000.0 MHz ; 0.000 ; 0.500 ;            ;           ;             ;       ;        ;           ;            ;          ;        ;        ; { clock } ;
+------------+------+--------+------------+-------+-------+------------+-----------+-------------+-------+--------+-----------+------------+----------+--------+--------+-----------+


+-----------------------------------------------------------------------------------------------------------+
; Slow 1200mV 85C Model Fmax Summary                                                                        ;
+------------+-----------------+------------+---------------------------------------------------------------+
; Fmax       ; Restricted Fmax ; Clock Name ; Note                                                          ;
+------------+-----------------+------------+---------------------------------------------------------------+
; 844.59 MHz ; 250.0 MHz       ; clock      ; limit due to minimum period restriction (max I/O toggle rate) ;
+------------+-----------------+------------+---------------------------------------------------------------+
This panel reports FMAX for every clock in the design, regardless of the user-specified clock periods.  FMAX is only computed for paths where the source and destination registers or ports are driven by the same clock.  Paths of different clocks, including generated clocks, are ignored.  For paths between a clock and its inversion, FMAX is computed as if the rising and falling edges are scaled along with FMAX, such that the duty cycle (in terms of a percentage) is maintained. Altera recommends that you always use clock constraints and other slack reports for sign-off analysis.


----------------------------------
; Timing Closure Recommendations ;
----------------------------------
HTML report is unavailable in plain text report export.


+-------------------------------------+
; Slow 1200mV 85C Model Setup Summary ;
+-------+--------+--------------------+
; Clock ; Slack  ; End Point TNS      ;
+-------+--------+--------------------+
; clock ; -0.184 ; -0.556             ;
+-------+--------+--------------------+


+------------------------------------+
; Slow 1200mV 85C Model Hold Summary ;
+-------+-------+--------------------+
; Clock ; Slack ; End Point TNS      ;
+-------+-------+--------------------+
; clock ; 0.356 ; 0.000              ;
+-------+-------+--------------------+


------------------------------------------
; Slow 1200mV 85C Model Recovery Summary ;
------------------------------------------
No paths to report.


-----------------------------------------
; Slow 1200mV 85C Model Removal Summary ;
-----------------------------------------
No paths to report.


+---------------------------------------------------+
; Slow 1200mV 85C Model Minimum Pulse Width Summary ;
+-------+--------+----------------------------------+
; Clock ; Slack  ; End Point TNS                    ;
+-------+--------+----------------------------------+
; clock ; -3.000 ; -7.000                           ;
+-------+--------+----------------------------------+


+------------------------------------------------------------------------------------------------------------+
; Slow 1200mV 85C Model Setup: 'clock'                                                                       ;
+--------+--------------+--------------+--------------+-------------+--------------+------------+------------+
; Slack  ; From Node    ; To Node      ; Launch Clock ; Latch Clock ; Relationship ; Clock Skew ; Data Delay ;
+--------+--------------+--------------+--------------+-------------+--------------+------------+------------+
; -0.184 ; zeroANove[1] ; zeroANove[0] ; clock        ; clock       ; 1.000        ; -0.064     ; 1.115      ;
; -0.178 ; zeroANove[1] ; zeroANove[2] ; clock        ; clock       ; 1.000        ; -0.064     ; 1.109      ;
; -0.136 ; zeroANove[0] ; zeroANove[2] ; clock        ; clock       ; 1.000        ; -0.064     ; 1.067      ;
; -0.126 ; zeroANove[1] ; zeroANove[3] ; clock        ; clock       ; 1.000        ; -0.064     ; 1.057      ;
; -0.086 ; zeroANove[3] ; zeroANove[0] ; clock        ; clock       ; 1.000        ; -0.064     ; 1.017      ;
; -0.068 ; zeroANove[3] ; zeroANove[1] ; clock        ; clock       ; 1.000        ; -0.064     ; 0.999      ;
; -0.066 ; zeroANove[2] ; zeroANove[3] ; clock        ; clock       ; 1.000        ; -0.064     ; 0.997      ;
; 0.162  ; zeroANove[0] ; zeroANove[3] ; clock        ; clock       ; 1.000        ; -0.064     ; 0.769      ;
; 0.162  ; zeroANove[0] ; zeroANove[1] ; clock        ; clock       ; 1.000        ; -0.064     ; 0.769      ;
; 0.180  ; zeroANove[2] ; zeroANove[0] ; clock        ; clock       ; 1.000        ; -0.064     ; 0.751      ;
; 0.199  ; zeroANove[3] ; zeroANove[2] ; clock        ; clock       ; 1.000        ; -0.064     ; 0.732      ;
; 0.272  ; zeroANove[2] ; zeroANove[2] ; clock        ; clock       ; 1.000        ; -0.064     ; 0.659      ;
; 0.272  ; zeroANove[0] ; zeroANove[0] ; clock        ; clock       ; 1.000        ; -0.064     ; 0.659      ;
; 0.272  ; zeroANove[3] ; zeroANove[3] ; clock        ; clock       ; 1.000        ; -0.064     ; 0.659      ;
; 0.272  ; zeroANove[1] ; zeroANove[1] ; clock        ; clock       ; 1.000        ; -0.064     ; 0.659      ;
+--------+--------------+--------------+--------------+-------------+--------------+------------+------------+


+-----------------------------------------------------------------------------------------------------------+
; Slow 1200mV 85C Model Hold: 'clock'                                                                       ;
+-------+--------------+--------------+--------------+-------------+--------------+------------+------------+
; Slack ; From Node    ; To Node      ; Launch Clock ; Latch Clock ; Relationship ; Clock Skew ; Data Delay ;
+-------+--------------+--------------+--------------+-------------+--------------+------------+------------+
; 0.356 ; zeroANove[1] ; zeroANove[1] ; clock        ; clock       ; 0.000        ; 0.064      ; 0.577      ;
; 0.356 ; zeroANove[2] ; zeroANove[2] ; clock        ; clock       ; 0.000        ; 0.064      ; 0.577      ;
; 0.356 ; zeroANove[3] ; zeroANove[3] ; clock        ; clock       ; 0.000        ; 0.064      ; 0.577      ;
; 0.359 ; zeroANove[0] ; zeroANove[0] ; clock        ; clock       ; 0.000        ; 0.064      ; 0.580      ;
; 0.404 ; zeroANove[3] ; zeroANove[2] ; clock        ; clock       ; 0.000        ; 0.064      ; 0.625      ;
; 0.415 ; zeroANove[2] ; zeroANove[0] ; clock        ; clock       ; 0.000        ; 0.064      ; 0.636      ;
; 0.424 ; zeroANove[0] ; zeroANove[1] ; clock        ; clock       ; 0.000        ; 0.064      ; 0.645      ;
; 0.425 ; zeroANove[0] ; zeroANove[3] ; clock        ; clock       ; 0.000        ; 0.064      ; 0.646      ;
; 0.604 ; zeroANove[2] ; zeroANove[3] ; clock        ; clock       ; 0.000        ; 0.064      ; 0.825      ;
; 0.615 ; zeroANove[3] ; zeroANove[1] ; clock        ; clock       ; 0.000        ; 0.064      ; 0.836      ;
; 0.616 ; zeroANove[3] ; zeroANove[0] ; clock        ; clock       ; 0.000        ; 0.064      ; 0.837      ;
; 0.641 ; zeroANove[1] ; zeroANove[3] ; clock        ; clock       ; 0.000        ; 0.064      ; 0.862      ;
; 0.662 ; zeroANove[0] ; zeroANove[2] ; clock        ; clock       ; 0.000        ; 0.064      ; 0.883      ;
; 0.691 ; zeroANove[1] ; zeroANove[2] ; clock        ; clock       ; 0.000        ; 0.064      ; 0.912      ;
; 0.795 ; zeroANove[1] ; zeroANove[0] ; clock        ; clock       ; 0.000        ; 0.064      ; 1.016      ;
+-------+--------------+--------------+--------------+-------------+--------------+------------+------------+


+--------------------------------------------------------------------------------------------------------------+
; Slow 1200mV 85C Model Minimum Pulse Width: 'clock'                                                           ;
+--------+--------------+----------------+------------------+-------+------------+-----------------------------+
; Slack  ; Actual Width ; Required Width ; Type             ; Clock ; Clock Edge ; Target                      ;
+--------+--------------+----------------+------------------+-------+------------+-----------------------------+
; -3.000 ; 1.000        ; 4.000          ; Port Rate        ; clock ; Rise       ; clock                       ;
; -1.000 ; 1.000        ; 2.000          ; Min Period       ; clock ; Rise       ; zeroANove[0]                ;
; -1.000 ; 1.000        ; 2.000          ; Min Period       ; clock ; Rise       ; zeroANove[1]                ;
; -1.000 ; 1.000        ; 2.000          ; Min Period       ; clock ; Rise       ; zeroANove[2]                ;
; -1.000 ; 1.000        ; 2.000          ; Min Period       ; clock ; Rise       ; zeroANove[3]                ;
; 0.215  ; 0.399        ; 0.184          ; Low Pulse Width  ; clock ; Rise       ; zeroANove[0]                ;
; 0.215  ; 0.399        ; 0.184          ; Low Pulse Width  ; clock ; Rise       ; zeroANove[1]                ;
; 0.215  ; 0.399        ; 0.184          ; Low Pulse Width  ; clock ; Rise       ; zeroANove[2]                ;
; 0.215  ; 0.399        ; 0.184          ; Low Pulse Width  ; clock ; Rise       ; zeroANove[3]                ;
; 0.326  ; 0.326        ; 0.000          ; Low Pulse Width  ; clock ; Rise       ; clock~input|o               ;
; 0.337  ; 0.337        ; 0.000          ; Low Pulse Width  ; clock ; Rise       ; clock~inputclkctrl|inclk[0] ;
; 0.337  ; 0.337        ; 0.000          ; Low Pulse Width  ; clock ; Rise       ; clock~inputclkctrl|outclk   ;
; 0.375  ; 0.375        ; 0.000          ; Low Pulse Width  ; clock ; Rise       ; zeroANove[0]|clk            ;
; 0.375  ; 0.375        ; 0.000          ; Low Pulse Width  ; clock ; Rise       ; zeroANove[1]|clk            ;
; 0.375  ; 0.375        ; 0.000          ; Low Pulse Width  ; clock ; Rise       ; zeroANove[2]|clk            ;
; 0.375  ; 0.375        ; 0.000          ; Low Pulse Width  ; clock ; Rise       ; zeroANove[3]|clk            ;
; 0.385  ; 0.601        ; 0.216          ; High Pulse Width ; clock ; Rise       ; zeroANove[0]                ;
; 0.385  ; 0.601        ; 0.216          ; High Pulse Width ; clock ; Rise       ; zeroANove[1]                ;
; 0.385  ; 0.601        ; 0.216          ; High Pulse Width ; clock ; Rise       ; zeroANove[2]                ;
; 0.385  ; 0.601        ; 0.216          ; High Pulse Width ; clock ; Rise       ; zeroANove[3]                ;
; 0.500  ; 0.500        ; 0.000          ; High Pulse Width ; clock ; Rise       ; clock~input|i               ;
; 0.500  ; 0.500        ; 0.000          ; Low Pulse Width  ; clock ; Rise       ; clock~input|i               ;
; 0.623  ; 0.623        ; 0.000          ; High Pulse Width ; clock ; Rise       ; zeroANove[0]|clk            ;
; 0.623  ; 0.623        ; 0.000          ; High Pulse Width ; clock ; Rise       ; zeroANove[1]|clk            ;
; 0.623  ; 0.623        ; 0.000          ; High Pulse Width ; clock ; Rise       ; zeroANove[2]|clk            ;
; 0.623  ; 0.623        ; 0.000          ; High Pulse Width ; clock ; Rise       ; zeroANove[3]|clk            ;
; 0.662  ; 0.662        ; 0.000          ; High Pulse Width ; clock ; Rise       ; clock~inputclkctrl|inclk[0] ;
; 0.662  ; 0.662        ; 0.000          ; High Pulse Width ; clock ; Rise       ; clock~inputclkctrl|outclk   ;
; 0.674  ; 0.674        ; 0.000          ; High Pulse Width ; clock ; Rise       ; clock~input|o               ;
+--------+--------------+----------------+------------------+-------+------------+-----------------------------+


+-------------------------------------------------------------------------+
; Clock to Output Times                                                   ;
+-------------+------------+-------+-------+------------+-----------------+
; Data Port   ; Clock Port ; Rise  ; Fall  ; Clock Edge ; Clock Reference ;
+-------------+------------+-------+-------+------------+-----------------+
; abcdefg[*]  ; clock      ; 8.144 ; 8.102 ; Rise       ; clock           ;
;  abcdefg[0] ; clock      ; 7.189 ; 7.092 ; Rise       ; clock           ;
;  abcdefg[1] ; clock      ; 8.144 ; 8.102 ; Rise       ; clock           ;
;  abcdefg[2] ; clock      ; 6.338 ; 6.320 ; Rise       ; clock           ;
;  abcdefg[3] ; clock      ; 7.358 ; 7.253 ; Rise       ; clock           ;
;  abcdefg[4] ; clock      ; 6.652 ; 6.425 ; Rise       ; clock           ;
;  abcdefg[5] ; clock      ; 6.547 ; 6.376 ; Rise       ; clock           ;
;  abcdefg[6] ; clock      ; 7.124 ; 7.056 ; Rise       ; clock           ;
+-------------+------------+-------+-------+------------+-----------------+


+-------------------------------------------------------------------------+
; Minimum Clock to Output Times                                           ;
+-------------+------------+-------+-------+------------+-----------------+
; Data Port   ; Clock Port ; Rise  ; Fall  ; Clock Edge ; Clock Reference ;
+-------------+------------+-------+-------+------------+-----------------+
; abcdefg[*]  ; clock      ; 5.888 ; 5.732 ; Rise       ; clock           ;
;  abcdefg[0] ; clock      ; 5.888 ; 5.842 ; Rise       ; clock           ;
;  abcdefg[1] ; clock      ; 6.900 ; 6.737 ; Rise       ; clock           ;
;  abcdefg[2] ; clock      ; 5.944 ; 5.732 ; Rise       ; clock           ;
;  abcdefg[3] ; clock      ; 6.519 ; 6.424 ; Rise       ; clock           ;
;  abcdefg[4] ; clock      ; 6.033 ; 5.977 ; Rise       ; clock           ;
;  abcdefg[5] ; clock      ; 5.944 ; 5.814 ; Rise       ; clock           ;
;  abcdefg[6] ; clock      ; 6.334 ; 6.221 ; Rise       ; clock           ;
+-------------+------------+-------+-------+------------+-----------------+


+----------------------------------------------------+
; Propagation Delay                                  ;
+------------+-------------+-------+----+----+-------+
; Input Port ; Output Port ; RR    ; RF ; FR ; FF    ;
+------------+-------------+-------+----+----+-------+
; habilita   ; abcdefg[0]  ; 7.138 ;    ;    ; 7.450 ;
; habilita   ; abcdefg[1]  ; 7.962 ;    ;    ; 8.324 ;
; habilita   ; abcdefg[2]  ; 7.133 ;    ;    ; 7.466 ;
; habilita   ; abcdefg[3]  ; 7.188 ;    ;    ; 7.502 ;
; habilita   ; abcdefg[4]  ; 7.325 ;    ;    ; 7.632 ;
; habilita   ; abcdefg[5]  ; 7.235 ;    ;    ; 7.563 ;
; habilita   ; abcdefg[6]  ; 6.989 ;    ;    ; 7.297 ;
+------------+-------------+-------+----+----+-------+


+----------------------------------------------------+
; Minimum Propagation Delay                          ;
+------------+-------------+-------+----+----+-------+
; Input Port ; Output Port ; RR    ; RF ; FR ; FF    ;
+------------+-------------+-------+----+----+-------+
; habilita   ; abcdefg[0]  ; 6.841 ;    ;    ; 7.138 ;
; habilita   ; abcdefg[1]  ; 7.722 ;    ;    ; 8.075 ;
; habilita   ; abcdefg[2]  ; 6.875 ;    ;    ; 7.194 ;
; habilita   ; abcdefg[3]  ; 6.945 ;    ;    ; 7.250 ;
; habilita   ; abcdefg[4]  ; 7.021 ;    ;    ; 7.314 ;
; habilita   ; abcdefg[5]  ; 6.930 ;    ;    ; 7.230 ;
; habilita   ; abcdefg[6]  ; 6.758 ;    ;    ; 7.058 ;
+------------+-------------+-------+----+----+-------+


----------------------------------------------
; Slow 1200mV 85C Model Metastability Report ;
----------------------------------------------
No synchronizer chains to report.


+-----------------------------------------------------------------------------------------------------------+
; Slow 1200mV 0C Model Fmax Summary                                                                         ;
+------------+-----------------+------------+---------------------------------------------------------------+
; Fmax       ; Restricted Fmax ; Clock Name ; Note                                                          ;
+------------+-----------------+------------+---------------------------------------------------------------+
; 946.97 MHz ; 250.0 MHz       ; clock      ; limit due to minimum period restriction (max I/O toggle rate) ;
+------------+-----------------+------------+---------------------------------------------------------------+
This panel reports FMAX for every clock in the design, regardless of the user-specified clock periods.  FMAX is only computed for paths where the source and destination registers or ports are driven by the same clock.  Paths of different clocks, including generated clocks, are ignored.  For paths between a clock and its inversion, FMAX is computed as if the rising and falling edges are scaled along with FMAX, such that the duty cycle (in terms of a percentage) is maintained. Altera recommends that you always use clock constraints and other slack reports for sign-off analysis.


+------------------------------------+
; Slow 1200mV 0C Model Setup Summary ;
+-------+--------+-------------------+
; Clock ; Slack  ; End Point TNS     ;
+-------+--------+-------------------+
; clock ; -0.056 ; -0.106            ;
+-------+--------+-------------------+


+-----------------------------------+
; Slow 1200mV 0C Model Hold Summary ;
+-------+-------+-------------------+
; Clock ; Slack ; End Point TNS     ;
+-------+-------+-------------------+
; clock ; 0.310 ; 0.000             ;
+-------+-------+-------------------+


-----------------------------------------
; Slow 1200mV 0C Model Recovery Summary ;
-----------------------------------------
No paths to report.


----------------------------------------
; Slow 1200mV 0C Model Removal Summary ;
----------------------------------------
No paths to report.


+--------------------------------------------------+
; Slow 1200mV 0C Model Minimum Pulse Width Summary ;
+-------+--------+---------------------------------+
; Clock ; Slack  ; End Point TNS                   ;
+-------+--------+---------------------------------+
; clock ; -3.000 ; -7.000                          ;
+-------+--------+---------------------------------+


+------------------------------------------------------------------------------------------------------------+
; Slow 1200mV 0C Model Setup: 'clock'                                                                        ;
+--------+--------------+--------------+--------------+-------------+--------------+------------+------------+
; Slack  ; From Node    ; To Node      ; Launch Clock ; Latch Clock ; Relationship ; Clock Skew ; Data Delay ;
+--------+--------------+--------------+--------------+-------------+--------------+------------+------------+
; -0.056 ; zeroANove[1] ; zeroANove[0] ; clock        ; clock       ; 1.000        ; -0.057     ; 0.994      ;
; -0.043 ; zeroANove[1] ; zeroANove[2] ; clock        ; clock       ; 1.000        ; -0.057     ; 0.981      ;
; -0.008 ; zeroANove[0] ; zeroANove[2] ; clock        ; clock       ; 1.000        ; -0.057     ; 0.946      ;
; -0.007 ; zeroANove[1] ; zeroANove[3] ; clock        ; clock       ; 1.000        ; -0.057     ; 0.945      ;
; 0.031  ; zeroANove[3] ; zeroANove[0] ; clock        ; clock       ; 1.000        ; -0.057     ; 0.907      ;
; 0.043  ; zeroANove[3] ; zeroANove[1] ; clock        ; clock       ; 1.000        ; -0.057     ; 0.895      ;
; 0.047  ; zeroANove[2] ; zeroANove[3] ; clock        ; clock       ; 1.000        ; -0.057     ; 0.891      ;
; 0.246  ; zeroANove[0] ; zeroANove[3] ; clock        ; clock       ; 1.000        ; -0.057     ; 0.692      ;
; 0.246  ; zeroANove[0] ; zeroANove[1] ; clock        ; clock       ; 1.000        ; -0.057     ; 0.692      ;
; 0.266  ; zeroANove[2] ; zeroANove[0] ; clock        ; clock       ; 1.000        ; -0.057     ; 0.672      ;
; 0.282  ; zeroANove[3] ; zeroANove[2] ; clock        ; clock       ; 1.000        ; -0.057     ; 0.656      ;
; 0.355  ; zeroANove[2] ; zeroANove[2] ; clock        ; clock       ; 1.000        ; -0.057     ; 0.583      ;
; 0.355  ; zeroANove[0] ; zeroANove[0] ; clock        ; clock       ; 1.000        ; -0.057     ; 0.583      ;
; 0.355  ; zeroANove[3] ; zeroANove[3] ; clock        ; clock       ; 1.000        ; -0.057     ; 0.583      ;
; 0.355  ; zeroANove[1] ; zeroANove[1] ; clock        ; clock       ; 1.000        ; -0.057     ; 0.583      ;
+--------+--------------+--------------+--------------+-------------+--------------+------------+------------+


+-----------------------------------------------------------------------------------------------------------+
; Slow 1200mV 0C Model Hold: 'clock'                                                                        ;
+-------+--------------+--------------+--------------+-------------+--------------+------------+------------+
; Slack ; From Node    ; To Node      ; Launch Clock ; Latch Clock ; Relationship ; Clock Skew ; Data Delay ;
+-------+--------------+--------------+--------------+-------------+--------------+------------+------------+
; 0.310 ; zeroANove[1] ; zeroANove[1] ; clock        ; clock       ; 0.000        ; 0.057      ; 0.511      ;
; 0.310 ; zeroANove[2] ; zeroANove[2] ; clock        ; clock       ; 0.000        ; 0.057      ; 0.511      ;
; 0.310 ; zeroANove[3] ; zeroANove[3] ; clock        ; clock       ; 0.000        ; 0.057      ; 0.511      ;
; 0.318 ; zeroANove[0] ; zeroANove[0] ; clock        ; clock       ; 0.000        ; 0.057      ; 0.519      ;
; 0.360 ; zeroANove[3] ; zeroANove[2] ; clock        ; clock       ; 0.000        ; 0.057      ; 0.561      ;
; 0.371 ; zeroANove[2] ; zeroANove[0] ; clock        ; clock       ; 0.000        ; 0.057      ; 0.572      ;
; 0.381 ; zeroANove[0] ; zeroANove[1] ; clock        ; clock       ; 0.000        ; 0.057      ; 0.582      ;
; 0.382 ; zeroANove[0] ; zeroANove[3] ; clock        ; clock       ; 0.000        ; 0.057      ; 0.583      ;
; 0.547 ; zeroANove[2] ; zeroANove[3] ; clock        ; clock       ; 0.000        ; 0.057      ; 0.748      ;
; 0.553 ; zeroANove[3] ; zeroANove[1] ; clock        ; clock       ; 0.000        ; 0.057      ; 0.754      ;
; 0.554 ; zeroANove[3] ; zeroANove[0] ; clock        ; clock       ; 0.000        ; 0.057      ; 0.755      ;
; 0.583 ; zeroANove[1] ; zeroANove[3] ; clock        ; clock       ; 0.000        ; 0.057      ; 0.784      ;
; 0.599 ; zeroANove[0] ; zeroANove[2] ; clock        ; clock       ; 0.000        ; 0.057      ; 0.800      ;
; 0.627 ; zeroANove[1] ; zeroANove[2] ; clock        ; clock       ; 0.000        ; 0.057      ; 0.828      ;
; 0.720 ; zeroANove[1] ; zeroANove[0] ; clock        ; clock       ; 0.000        ; 0.057      ; 0.921      ;
+-------+--------------+--------------+--------------+-------------+--------------+------------+------------+


+--------------------------------------------------------------------------------------------------------------+
; Slow 1200mV 0C Model Minimum Pulse Width: 'clock'                                                            ;
+--------+--------------+----------------+------------------+-------+------------+-----------------------------+
; Slack  ; Actual Width ; Required Width ; Type             ; Clock ; Clock Edge ; Target                      ;
+--------+--------------+----------------+------------------+-------+------------+-----------------------------+
; -3.000 ; 1.000        ; 4.000          ; Port Rate        ; clock ; Rise       ; clock                       ;
; -1.000 ; 1.000        ; 2.000          ; Min Period       ; clock ; Rise       ; zeroANove[0]                ;
; -1.000 ; 1.000        ; 2.000          ; Min Period       ; clock ; Rise       ; zeroANove[1]                ;
; -1.000 ; 1.000        ; 2.000          ; Min Period       ; clock ; Rise       ; zeroANove[2]                ;
; -1.000 ; 1.000        ; 2.000          ; Min Period       ; clock ; Rise       ; zeroANove[3]                ;
; 0.218  ; 0.402        ; 0.184          ; Low Pulse Width  ; clock ; Rise       ; zeroANove[0]                ;
; 0.218  ; 0.402        ; 0.184          ; Low Pulse Width  ; clock ; Rise       ; zeroANove[1]                ;
; 0.218  ; 0.402        ; 0.184          ; Low Pulse Width  ; clock ; Rise       ; zeroANove[2]                ;
; 0.218  ; 0.402        ; 0.184          ; Low Pulse Width  ; clock ; Rise       ; zeroANove[3]                ;
; 0.344  ; 0.344        ; 0.000          ; Low Pulse Width  ; clock ; Rise       ; clock~input|o               ;
; 0.346  ; 0.346        ; 0.000          ; Low Pulse Width  ; clock ; Rise       ; clock~inputclkctrl|inclk[0] ;
; 0.346  ; 0.346        ; 0.000          ; Low Pulse Width  ; clock ; Rise       ; clock~inputclkctrl|outclk   ;
; 0.378  ; 0.378        ; 0.000          ; Low Pulse Width  ; clock ; Rise       ; zeroANove[0]|clk            ;
; 0.378  ; 0.378        ; 0.000          ; Low Pulse Width  ; clock ; Rise       ; zeroANove[1]|clk            ;
; 0.378  ; 0.378        ; 0.000          ; Low Pulse Width  ; clock ; Rise       ; zeroANove[2]|clk            ;
; 0.378  ; 0.378        ; 0.000          ; Low Pulse Width  ; clock ; Rise       ; zeroANove[3]|clk            ;
; 0.381  ; 0.597        ; 0.216          ; High Pulse Width ; clock ; Rise       ; zeroANove[0]                ;
; 0.381  ; 0.597        ; 0.216          ; High Pulse Width ; clock ; Rise       ; zeroANove[1]                ;
; 0.381  ; 0.597        ; 0.216          ; High Pulse Width ; clock ; Rise       ; zeroANove[2]                ;
; 0.381  ; 0.597        ; 0.216          ; High Pulse Width ; clock ; Rise       ; zeroANove[3]                ;
; 0.500  ; 0.500        ; 0.000          ; High Pulse Width ; clock ; Rise       ; clock~input|i               ;
; 0.500  ; 0.500        ; 0.000          ; Low Pulse Width  ; clock ; Rise       ; clock~input|i               ;
; 0.621  ; 0.621        ; 0.000          ; High Pulse Width ; clock ; Rise       ; zeroANove[0]|clk            ;
; 0.621  ; 0.621        ; 0.000          ; High Pulse Width ; clock ; Rise       ; zeroANove[1]|clk            ;
; 0.621  ; 0.621        ; 0.000          ; High Pulse Width ; clock ; Rise       ; zeroANove[2]|clk            ;
; 0.621  ; 0.621        ; 0.000          ; High Pulse Width ; clock ; Rise       ; zeroANove[3]|clk            ;
; 0.654  ; 0.654        ; 0.000          ; High Pulse Width ; clock ; Rise       ; clock~inputclkctrl|inclk[0] ;
; 0.654  ; 0.654        ; 0.000          ; High Pulse Width ; clock ; Rise       ; clock~inputclkctrl|outclk   ;
; 0.656  ; 0.656        ; 0.000          ; High Pulse Width ; clock ; Rise       ; clock~input|o               ;
+--------+--------------+----------------+------------------+-------+------------+-----------------------------+


+-------------------------------------------------------------------------+
; Clock to Output Times                                                   ;
+-------------+------------+-------+-------+------------+-----------------+
; Data Port   ; Clock Port ; Rise  ; Fall  ; Clock Edge ; Clock Reference ;
+-------------+------------+-------+-------+------------+-----------------+
; abcdefg[*]  ; clock      ; 7.273 ; 7.209 ; Rise       ; clock           ;
;  abcdefg[0] ; clock      ; 6.456 ; 6.329 ; Rise       ; clock           ;
;  abcdefg[1] ; clock      ; 7.273 ; 7.209 ; Rise       ; clock           ;
;  abcdefg[2] ; clock      ; 5.680 ; 5.626 ; Rise       ; clock           ;
;  abcdefg[3] ; clock      ; 6.587 ; 6.465 ; Rise       ; clock           ;
;  abcdefg[4] ; clock      ; 5.965 ; 5.732 ; Rise       ; clock           ;
;  abcdefg[5] ; clock      ; 5.846 ; 5.676 ; Rise       ; clock           ;
;  abcdefg[6] ; clock      ; 6.417 ; 6.278 ; Rise       ; clock           ;
+-------------+------------+-------+-------+------------+-----------------+


+-------------------------------------------------------------------------+
; Minimum Clock to Output Times                                           ;
+-------------+------------+-------+-------+------------+-----------------+
; Data Port   ; Clock Port ; Rise  ; Fall  ; Clock Edge ; Clock Reference ;
+-------------+------------+-------+-------+------------+-----------------+
; abcdefg[*]  ; clock      ; 5.285 ; 5.110 ; Rise       ; clock           ;
;  abcdefg[0] ; clock      ; 5.285 ; 5.196 ; Rise       ; clock           ;
;  abcdefg[1] ; clock      ; 6.141 ; 5.980 ; Rise       ; clock           ;
;  abcdefg[2] ; clock      ; 5.326 ; 5.110 ; Rise       ; clock           ;
;  abcdefg[3] ; clock      ; 5.845 ; 5.725 ; Rise       ; clock           ;
;  abcdefg[4] ; clock      ; 5.423 ; 5.320 ; Rise       ; clock           ;
;  abcdefg[5] ; clock      ; 5.318 ; 5.186 ; Rise       ; clock           ;
;  abcdefg[6] ; clock      ; 5.689 ; 5.544 ; Rise       ; clock           ;
+-------------+------------+-------+-------+------------+-----------------+


+----------------------------------------------------+
; Propagation Delay                                  ;
+------------+-------------+-------+----+----+-------+
; Input Port ; Output Port ; RR    ; RF ; FR ; FF    ;
+------------+-------------+-------+----+----+-------+
; habilita   ; abcdefg[0]  ; 6.305 ;    ;    ; 6.515 ;
; habilita   ; abcdefg[1]  ; 7.004 ;    ;    ; 7.277 ;
; habilita   ; abcdefg[2]  ; 6.299 ;    ;    ; 6.530 ;
; habilita   ; abcdefg[3]  ; 6.331 ;    ;    ; 6.581 ;
; habilita   ; abcdefg[4]  ; 6.483 ;    ;    ; 6.677 ;
; habilita   ; abcdefg[5]  ; 6.376 ;    ;    ; 6.620 ;
; habilita   ; abcdefg[6]  ; 6.173 ;    ;    ; 6.389 ;
+------------+-------------+-------+----+----+-------+


+----------------------------------------------------+
; Minimum Propagation Delay                          ;
+------------+-------------+-------+----+----+-------+
; Input Port ; Output Port ; RR    ; RF ; FR ; FF    ;
+------------+-------------+-------+----+----+-------+
; habilita   ; abcdefg[0]  ; 6.040 ;    ;    ; 6.240 ;
; habilita   ; abcdefg[1]  ; 6.790 ;    ;    ; 7.058 ;
; habilita   ; abcdefg[2]  ; 6.069 ;    ;    ; 6.292 ;
; habilita   ; abcdefg[3]  ; 6.116 ;    ;    ; 6.358 ;
; habilita   ; abcdefg[4]  ; 6.211 ;    ;    ; 6.397 ;
; habilita   ; abcdefg[5]  ; 6.104 ;    ;    ; 6.327 ;
; habilita   ; abcdefg[6]  ; 5.968 ;    ;    ; 6.178 ;
+------------+-------------+-------+----+----+-------+


---------------------------------------------
; Slow 1200mV 0C Model Metastability Report ;
---------------------------------------------
No synchronizer chains to report.


+------------------------------------+
; Fast 1200mV 0C Model Setup Summary ;
+-------+-------+--------------------+
; Clock ; Slack ; End Point TNS      ;
+-------+-------+--------------------+
; clock ; 0.331 ; 0.000              ;
+-------+-------+--------------------+


+-----------------------------------+
; Fast 1200mV 0C Model Hold Summary ;
+-------+-------+-------------------+
; Clock ; Slack ; End Point TNS     ;
+-------+-------+-------------------+
; clock ; 0.186 ; 0.000             ;
+-------+-------+-------------------+


-----------------------------------------
; Fast 1200mV 0C Model Recovery Summary ;
-----------------------------------------
No paths to report.


----------------------------------------
; Fast 1200mV 0C Model Removal Summary ;
----------------------------------------
No paths to report.


+--------------------------------------------------+
; Fast 1200mV 0C Model Minimum Pulse Width Summary ;
+-------+--------+---------------------------------+
; Clock ; Slack  ; End Point TNS                   ;
+-------+--------+---------------------------------+
; clock ; -3.000 ; -7.108                          ;
+-------+--------+---------------------------------+


+-----------------------------------------------------------------------------------------------------------+
; Fast 1200mV 0C Model Setup: 'clock'                                                                       ;
+-------+--------------+--------------+--------------+-------------+--------------+------------+------------+
; Slack ; From Node    ; To Node      ; Launch Clock ; Latch Clock ; Relationship ; Clock Skew ; Data Delay ;
+-------+--------------+--------------+--------------+-------------+--------------+------------+------------+
; 0.331 ; zeroANove[1] ; zeroANove[0] ; clock        ; clock       ; 1.000        ; -0.037     ; 0.619      ;
; 0.337 ; zeroANove[1] ; zeroANove[2] ; clock        ; clock       ; 1.000        ; -0.037     ; 0.613      ;
; 0.359 ; zeroANove[0] ; zeroANove[2] ; clock        ; clock       ; 1.000        ; -0.037     ; 0.591      ;
; 0.363 ; zeroANove[1] ; zeroANove[3] ; clock        ; clock       ; 1.000        ; -0.037     ; 0.587      ;
; 0.388 ; zeroANove[3] ; zeroANove[0] ; clock        ; clock       ; 1.000        ; -0.037     ; 0.562      ;
; 0.397 ; zeroANove[3] ; zeroANove[1] ; clock        ; clock       ; 1.000        ; -0.037     ; 0.553      ;
; 0.402 ; zeroANove[2] ; zeroANove[3] ; clock        ; clock       ; 1.000        ; -0.037     ; 0.548      ;
; 0.525 ; zeroANove[0] ; zeroANove[3] ; clock        ; clock       ; 1.000        ; -0.037     ; 0.425      ;
; 0.525 ; zeroANove[0] ; zeroANove[1] ; clock        ; clock       ; 1.000        ; -0.037     ; 0.425      ;
; 0.546 ; zeroANove[2] ; zeroANove[0] ; clock        ; clock       ; 1.000        ; -0.037     ; 0.404      ;
; 0.555 ; zeroANove[3] ; zeroANove[2] ; clock        ; clock       ; 1.000        ; -0.037     ; 0.395      ;
; 0.591 ; zeroANove[2] ; zeroANove[2] ; clock        ; clock       ; 1.000        ; -0.037     ; 0.359      ;
; 0.591 ; zeroANove[3] ; zeroANove[3] ; clock        ; clock       ; 1.000        ; -0.037     ; 0.359      ;
; 0.591 ; zeroANove[0] ; zeroANove[0] ; clock        ; clock       ; 1.000        ; -0.037     ; 0.359      ;
; 0.591 ; zeroANove[1] ; zeroANove[1] ; clock        ; clock       ; 1.000        ; -0.037     ; 0.359      ;
+-------+--------------+--------------+--------------+-------------+--------------+------------+------------+


+-----------------------------------------------------------------------------------------------------------+
; Fast 1200mV 0C Model Hold: 'clock'                                                                        ;
+-------+--------------+--------------+--------------+-------------+--------------+------------+------------+
; Slack ; From Node    ; To Node      ; Launch Clock ; Latch Clock ; Relationship ; Clock Skew ; Data Delay ;
+-------+--------------+--------------+--------------+-------------+--------------+------------+------------+
; 0.186 ; zeroANove[1] ; zeroANove[1] ; clock        ; clock       ; 0.000        ; 0.037      ; 0.307      ;
; 0.186 ; zeroANove[2] ; zeroANove[2] ; clock        ; clock       ; 0.000        ; 0.037      ; 0.307      ;
; 0.186 ; zeroANove[3] ; zeroANove[3] ; clock        ; clock       ; 0.000        ; 0.037      ; 0.307      ;
; 0.193 ; zeroANove[0] ; zeroANove[0] ; clock        ; clock       ; 0.000        ; 0.037      ; 0.314      ;
; 0.219 ; zeroANove[3] ; zeroANove[2] ; clock        ; clock       ; 0.000        ; 0.037      ; 0.340      ;
; 0.223 ; zeroANove[2] ; zeroANove[0] ; clock        ; clock       ; 0.000        ; 0.037      ; 0.344      ;
; 0.227 ; zeroANove[0] ; zeroANove[1] ; clock        ; clock       ; 0.000        ; 0.037      ; 0.348      ;
; 0.228 ; zeroANove[0] ; zeroANove[3] ; clock        ; clock       ; 0.000        ; 0.037      ; 0.349      ;
; 0.325 ; zeroANove[2] ; zeroANove[3] ; clock        ; clock       ; 0.000        ; 0.037      ; 0.446      ;
; 0.330 ; zeroANove[3] ; zeroANove[1] ; clock        ; clock       ; 0.000        ; 0.037      ; 0.451      ;
; 0.331 ; zeroANove[3] ; zeroANove[0] ; clock        ; clock       ; 0.000        ; 0.037      ; 0.452      ;
; 0.353 ; zeroANove[1] ; zeroANove[3] ; clock        ; clock       ; 0.000        ; 0.037      ; 0.474      ;
; 0.361 ; zeroANove[0] ; zeroANove[2] ; clock        ; clock       ; 0.000        ; 0.037      ; 0.482      ;
; 0.383 ; zeroANove[1] ; zeroANove[2] ; clock        ; clock       ; 0.000        ; 0.037      ; 0.504      ;
; 0.421 ; zeroANove[1] ; zeroANove[0] ; clock        ; clock       ; 0.000        ; 0.037      ; 0.542      ;
+-------+--------------+--------------+--------------+-------------+--------------+------------+------------+


+--------------------------------------------------------------------------------------------------------------+
; Fast 1200mV 0C Model Minimum Pulse Width: 'clock'                                                            ;
+--------+--------------+----------------+------------------+-------+------------+-----------------------------+
; Slack  ; Actual Width ; Required Width ; Type             ; Clock ; Clock Edge ; Target                      ;
+--------+--------------+----------------+------------------+-------+------------+-----------------------------+
; -3.000 ; 1.000        ; 4.000          ; Port Rate        ; clock ; Rise       ; clock                       ;
; -1.000 ; 1.000        ; 2.000          ; Min Period       ; clock ; Rise       ; zeroANove[0]                ;
; -1.000 ; 1.000        ; 2.000          ; Min Period       ; clock ; Rise       ; zeroANove[1]                ;
; -1.000 ; 1.000        ; 2.000          ; Min Period       ; clock ; Rise       ; zeroANove[2]                ;
; -1.000 ; 1.000        ; 2.000          ; Min Period       ; clock ; Rise       ; zeroANove[3]                ;
; -0.027 ; 0.157        ; 0.184          ; Low Pulse Width  ; clock ; Rise       ; zeroANove[0]                ;
; -0.027 ; 0.157        ; 0.184          ; Low Pulse Width  ; clock ; Rise       ; zeroANove[1]                ;
; -0.027 ; 0.157        ; 0.184          ; Low Pulse Width  ; clock ; Rise       ; zeroANove[2]                ;
; -0.027 ; 0.157        ; 0.184          ; Low Pulse Width  ; clock ; Rise       ; zeroANove[3]                ;
; 0.125  ; 0.125        ; 0.000          ; Low Pulse Width  ; clock ; Rise       ; clock~input|o               ;
; 0.139  ; 0.139        ; 0.000          ; Low Pulse Width  ; clock ; Rise       ; clock~inputclkctrl|inclk[0] ;
; 0.139  ; 0.139        ; 0.000          ; Low Pulse Width  ; clock ; Rise       ; clock~inputclkctrl|outclk   ;
; 0.153  ; 0.153        ; 0.000          ; Low Pulse Width  ; clock ; Rise       ; zeroANove[0]|clk            ;
; 0.153  ; 0.153        ; 0.000          ; Low Pulse Width  ; clock ; Rise       ; zeroANove[1]|clk            ;
; 0.153  ; 0.153        ; 0.000          ; Low Pulse Width  ; clock ; Rise       ; zeroANove[2]|clk            ;
; 0.153  ; 0.153        ; 0.000          ; Low Pulse Width  ; clock ; Rise       ; zeroANove[3]|clk            ;
; 0.500  ; 0.500        ; 0.000          ; High Pulse Width ; clock ; Rise       ; clock~input|i               ;
; 0.500  ; 0.500        ; 0.000          ; Low Pulse Width  ; clock ; Rise       ; clock~input|i               ;
; 0.625  ; 0.841        ; 0.216          ; High Pulse Width ; clock ; Rise       ; zeroANove[0]                ;
; 0.625  ; 0.841        ; 0.216          ; High Pulse Width ; clock ; Rise       ; zeroANove[1]                ;
; 0.625  ; 0.841        ; 0.216          ; High Pulse Width ; clock ; Rise       ; zeroANove[2]                ;
; 0.625  ; 0.841        ; 0.216          ; High Pulse Width ; clock ; Rise       ; zeroANove[3]                ;
; 0.847  ; 0.847        ; 0.000          ; High Pulse Width ; clock ; Rise       ; zeroANove[0]|clk            ;
; 0.847  ; 0.847        ; 0.000          ; High Pulse Width ; clock ; Rise       ; zeroANove[1]|clk            ;
; 0.847  ; 0.847        ; 0.000          ; High Pulse Width ; clock ; Rise       ; zeroANove[2]|clk            ;
; 0.847  ; 0.847        ; 0.000          ; High Pulse Width ; clock ; Rise       ; zeroANove[3]|clk            ;
; 0.861  ; 0.861        ; 0.000          ; High Pulse Width ; clock ; Rise       ; clock~inputclkctrl|inclk[0] ;
; 0.861  ; 0.861        ; 0.000          ; High Pulse Width ; clock ; Rise       ; clock~inputclkctrl|outclk   ;
; 0.875  ; 0.875        ; 0.000          ; High Pulse Width ; clock ; Rise       ; clock~input|o               ;
+--------+--------------+----------------+------------------+-------+------------+-----------------------------+


+-------------------------------------------------------------------------+
; Clock to Output Times                                                   ;
+-------------+------------+-------+-------+------------+-----------------+
; Data Port   ; Clock Port ; Rise  ; Fall  ; Clock Edge ; Clock Reference ;
+-------------+------------+-------+-------+------------+-----------------+
; abcdefg[*]  ; clock      ; 4.827 ; 4.861 ; Rise       ; clock           ;
;  abcdefg[0] ; clock      ; 4.139 ; 4.157 ; Rise       ; clock           ;
;  abcdefg[1] ; clock      ; 4.827 ; 4.861 ; Rise       ; clock           ;
;  abcdefg[2] ; clock      ; 3.684 ; 3.749 ; Rise       ; clock           ;
;  abcdefg[3] ; clock      ; 4.252 ; 4.286 ; Rise       ; clock           ;
;  abcdefg[4] ; clock      ; 3.866 ; 3.818 ; Rise       ; clock           ;
;  abcdefg[5] ; clock      ; 3.802 ; 3.770 ; Rise       ; clock           ;
;  abcdefg[6] ; clock      ; 4.091 ; 4.170 ; Rise       ; clock           ;
+-------------+------------+-------+-------+------------+-----------------+


+-------------------------------------------------------------------------+
; Minimum Clock to Output Times                                           ;
+-------------+------------+-------+-------+------------+-----------------+
; Data Port   ; Clock Port ; Rise  ; Fall  ; Clock Edge ; Clock Reference ;
+-------------+------------+-------+-------+------------+-----------------+
; abcdefg[*]  ; clock      ; 3.419 ; 3.409 ; Rise       ; clock           ;
;  abcdefg[0] ; clock      ; 3.419 ; 3.472 ; Rise       ; clock           ;
;  abcdefg[1] ; clock      ; 4.139 ; 4.103 ; Rise       ; clock           ;
;  abcdefg[2] ; clock      ; 3.458 ; 3.409 ; Rise       ; clock           ;
;  abcdefg[3] ; clock      ; 3.766 ; 3.814 ; Rise       ; clock           ;
;  abcdefg[4] ; clock      ; 3.497 ; 3.558 ; Rise       ; clock           ;
;  abcdefg[5] ; clock      ; 3.442 ; 3.441 ; Rise       ; clock           ;
;  abcdefg[6] ; clock      ; 3.663 ; 3.686 ; Rise       ; clock           ;
+-------------+------------+-------+-------+------------+-----------------+


+----------------------------------------------------+
; Propagation Delay                                  ;
+------------+-------------+-------+----+----+-------+
; Input Port ; Output Port ; RR    ; RF ; FR ; FF    ;
+------------+-------------+-------+----+----+-------+
; habilita   ; abcdefg[0]  ; 4.133 ;    ;    ; 4.702 ;
; habilita   ; abcdefg[1]  ; 4.746 ;    ;    ; 5.329 ;
; habilita   ; abcdefg[2]  ; 4.133 ;    ;    ; 4.718 ;
; habilita   ; abcdefg[3]  ; 4.176 ;    ;    ; 4.747 ;
; habilita   ; abcdefg[4]  ; 4.240 ;    ;    ; 4.820 ;
; habilita   ; abcdefg[5]  ; 4.185 ;    ;    ; 4.761 ;
; habilita   ; abcdefg[6]  ; 4.056 ;    ;    ; 4.624 ;
+------------+-------------+-------+----+----+-------+


+----------------------------------------------------+
; Minimum Propagation Delay                          ;
+------------+-------------+-------+----+----+-------+
; Input Port ; Output Port ; RR    ; RF ; FR ; FF    ;
+------------+-------------+-------+----+----+-------+
; habilita   ; abcdefg[0]  ; 3.958 ;    ;    ; 4.521 ;
; habilita   ; abcdefg[1]  ; 4.605 ;    ;    ; 5.180 ;
; habilita   ; abcdefg[2]  ; 3.980 ;    ;    ; 4.555 ;
; habilita   ; abcdefg[3]  ; 4.034 ;    ;    ; 4.595 ;
; habilita   ; abcdefg[4]  ; 4.063 ;    ;    ; 4.632 ;
; habilita   ; abcdefg[5]  ; 4.007 ;    ;    ; 4.563 ;
; habilita   ; abcdefg[6]  ; 3.920 ;    ;    ; 4.482 ;
+------------+-------------+-------+----+----+-------+


---------------------------------------------
; Fast 1200mV 0C Model Metastability Report ;
---------------------------------------------
No synchronizer chains to report.


+------------------------------------------------------------------------------+
; Multicorner Timing Analysis Summary                                          ;
+------------------+--------+-------+----------+---------+---------------------+
; Clock            ; Setup  ; Hold  ; Recovery ; Removal ; Minimum Pulse Width ;
+------------------+--------+-------+----------+---------+---------------------+
; Worst-case Slack ; -0.184 ; 0.186 ; N/A      ; N/A     ; -3.000              ;
;  clock           ; -0.184 ; 0.186 ; N/A      ; N/A     ; -3.000              ;
; Design-wide TNS  ; -0.556 ; 0.0   ; 0.0      ; 0.0     ; -7.108              ;
;  clock           ; -0.556 ; 0.000 ; N/A      ; N/A     ; -7.108              ;
+------------------+--------+-------+----------+---------+---------------------+


+-------------------------------------------------------------------------+
; Clock to Output Times                                                   ;
+-------------+------------+-------+-------+------------+-----------------+
; Data Port   ; Clock Port ; Rise  ; Fall  ; Clock Edge ; Clock Reference ;
+-------------+------------+-------+-------+------------+-----------------+
; abcdefg[*]  ; clock      ; 8.144 ; 8.102 ; Rise       ; clock           ;
;  abcdefg[0] ; clock      ; 7.189 ; 7.092 ; Rise       ; clock           ;
;  abcdefg[1] ; clock      ; 8.144 ; 8.102 ; Rise       ; clock           ;
;  abcdefg[2] ; clock      ; 6.338 ; 6.320 ; Rise       ; clock           ;
;  abcdefg[3] ; clock      ; 7.358 ; 7.253 ; Rise       ; clock           ;
;  abcdefg[4] ; clock      ; 6.652 ; 6.425 ; Rise       ; clock           ;
;  abcdefg[5] ; clock      ; 6.547 ; 6.376 ; Rise       ; clock           ;
;  abcdefg[6] ; clock      ; 7.124 ; 7.056 ; Rise       ; clock           ;
+-------------+------------+-------+-------+------------+-----------------+


+-------------------------------------------------------------------------+
; Minimum Clock to Output Times                                           ;
+-------------+------------+-------+-------+------------+-----------------+
; Data Port   ; Clock Port ; Rise  ; Fall  ; Clock Edge ; Clock Reference ;
+-------------+------------+-------+-------+------------+-----------------+
; abcdefg[*]  ; clock      ; 3.419 ; 3.409 ; Rise       ; clock           ;
;  abcdefg[0] ; clock      ; 3.419 ; 3.472 ; Rise       ; clock           ;
;  abcdefg[1] ; clock      ; 4.139 ; 4.103 ; Rise       ; clock           ;
;  abcdefg[2] ; clock      ; 3.458 ; 3.409 ; Rise       ; clock           ;
;  abcdefg[3] ; clock      ; 3.766 ; 3.814 ; Rise       ; clock           ;
;  abcdefg[4] ; clock      ; 3.497 ; 3.558 ; Rise       ; clock           ;
;  abcdefg[5] ; clock      ; 3.442 ; 3.441 ; Rise       ; clock           ;
;  abcdefg[6] ; clock      ; 3.663 ; 3.686 ; Rise       ; clock           ;
+-------------+------------+-------+-------+------------+-----------------+


+----------------------------------------------------+
; Propagation Delay                                  ;
+------------+-------------+-------+----+----+-------+
; Input Port ; Output Port ; RR    ; RF ; FR ; FF    ;
+------------+-------------+-------+----+----+-------+
; habilita   ; abcdefg[0]  ; 7.138 ;    ;    ; 7.450 ;
; habilita   ; abcdefg[1]  ; 7.962 ;    ;    ; 8.324 ;
; habilita   ; abcdefg[2]  ; 7.133 ;    ;    ; 7.466 ;
; habilita   ; abcdefg[3]  ; 7.188 ;    ;    ; 7.502 ;
; habilita   ; abcdefg[4]  ; 7.325 ;    ;    ; 7.632 ;
; habilita   ; abcdefg[5]  ; 7.235 ;    ;    ; 7.563 ;
; habilita   ; abcdefg[6]  ; 6.989 ;    ;    ; 7.297 ;
+------------+-------------+-------+----+----+-------+


+----------------------------------------------------+
; Minimum Propagation Delay                          ;
+------------+-------------+-------+----+----+-------+
; Input Port ; Output Port ; RR    ; RF ; FR ; FF    ;
+------------+-------------+-------+----+----+-------+
; habilita   ; abcdefg[0]  ; 3.958 ;    ;    ; 4.521 ;
; habilita   ; abcdefg[1]  ; 4.605 ;    ;    ; 5.180 ;
; habilita   ; abcdefg[2]  ; 3.980 ;    ;    ; 4.555 ;
; habilita   ; abcdefg[3]  ; 4.034 ;    ;    ; 4.595 ;
; habilita   ; abcdefg[4]  ; 4.063 ;    ;    ; 4.632 ;
; habilita   ; abcdefg[5]  ; 4.007 ;    ;    ; 4.563 ;
; habilita   ; abcdefg[6]  ; 3.920 ;    ;    ; 4.482 ;
+------------+-------------+-------+----+----+-------+


+------------------------------------------------------------------------------------------------------------------------------------------------------------------------------------------------------------------------------------------------------------------------------------------------------------------------------------------------------------------------------------------------------------------+
; Board Trace Model Assignments                                                                                                                                                                                                                                                                                                                                                                                    ;
+---------------+--------------+-------------------+-------------------------+-------------------------+---------------+---------------------+----------------+------------------+--------+------------------+------------------------+------------------------+--------------+---------------+-----------------+-------+---------------------+--------------------+---------------+-----------------+-------------+
; Pin           ; I/O Standard ; Near Tline Length ; Near Tline L per Length ; Near Tline C per Length ; Near Series R ; Near Differential R ; Near Pull-up R ; Near Pull-down R ; Near C ; Far Tline Length ; Far Tline L per Length ; Far Tline C per Length ; Far Series R ; Far Pull-up R ; Far Pull-down R ; Far C ; Termination Voltage ; Far Differential R ; EBD File Name ; EBD Signal Name ; EBD Far-end ;
+---------------+--------------+-------------------+-------------------------+-------------------------+---------------+---------------------+----------------+------------------+--------+------------------+------------------------+------------------------+--------------+---------------+-----------------+-------+---------------------+--------------------+---------------+-----------------+-------------+
; abcdefg[0]    ; 2.5 V        ; 0 in              ; 0 H/in                  ; 0 F/in                  ; short         ; -                   ; open           ; open             ; open   ; 0 in             ; 0 H/in                 ; 0 F/in                 ; short        ; open          ; open            ; open  ; 0 V                 ; -                  ; n/a           ; n/a             ; n/a         ;
; abcdefg[1]    ; 2.5 V        ; 0 in              ; 0 H/in                  ; 0 F/in                  ; short         ; -                   ; open           ; open             ; open   ; 0 in             ; 0 H/in                 ; 0 F/in                 ; short        ; open          ; open            ; open  ; 0 V                 ; -                  ; n/a           ; n/a             ; n/a         ;
; abcdefg[2]    ; 2.5 V        ; 0 in              ; 0 H/in                  ; 0 F/in                  ; short         ; -                   ; open           ; open             ; open   ; 0 in             ; 0 H/in                 ; 0 F/in                 ; short        ; open          ; open            ; open  ; 0 V                 ; -                  ; n/a           ; n/a             ; n/a         ;
; abcdefg[3]    ; 2.5 V        ; 0 in              ; 0 H/in                  ; 0 F/in                  ; short         ; -                   ; open           ; open             ; open   ; 0 in             ; 0 H/in                 ; 0 F/in                 ; short        ; open          ; open            ; open  ; 0 V                 ; -                  ; n/a           ; n/a             ; n/a         ;
; abcdefg[4]    ; 2.5 V        ; 0 in              ; 0 H/in                  ; 0 F/in                  ; short         ; -                   ; open           ; open             ; open   ; 0 in             ; 0 H/in                 ; 0 F/in                 ; short        ; open          ; open            ; open  ; 0 V                 ; -                  ; n/a           ; n/a             ; n/a         ;
; abcdefg[5]    ; 2.5 V        ; 0 in              ; 0 H/in                  ; 0 F/in                  ; short         ; -                   ; open           ; open             ; open   ; 0 in             ; 0 H/in                 ; 0 F/in                 ; short        ; open          ; open            ; open  ; 0 V                 ; -                  ; n/a           ; n/a             ; n/a         ;
; abcdefg[6]    ; 2.5 V        ; 0 in              ; 0 H/in                  ; 0 F/in                  ; short         ; -                   ; open           ; open             ; open   ; 0 in             ; 0 H/in                 ; 0 F/in                 ; short        ; open          ; open            ; open  ; 0 V                 ; -                  ; n/a           ; n/a             ; n/a         ;
; ~ALTERA_NCEO~ ; 2.5 V        ; 0 in              ; 0 H/in                  ; 0 F/in                  ; short         ; -                   ; open           ; open             ; open   ; 0 in             ; 0 H/in                 ; 0 F/in                 ; short        ; open          ; open            ; open  ; 0 V                 ; -                  ; n/a           ; n/a             ; n/a         ;
; ~ALTERA_DCLK~ ; 2.5 V        ; 0 in              ; 0 H/in                  ; 0 F/in                  ; short         ; -                   ; open           ; open             ; open   ; 0 in             ; 0 H/in                 ; 0 F/in                 ; short        ; open          ; open            ; open  ; 0 V                 ; -                  ; n/a           ; n/a             ; n/a         ;
+---------------+--------------+-------------------+-------------------------+-------------------------+---------------+---------------------+----------------+------------------+--------+------------------+------------------------+------------------------+--------------+---------------+-----------------+-------+---------------------+--------------------+---------------+-----------------+-------------+


+-------------------------------------------------------------------+
; Input Transition Times                                            ;
+----------------+--------------+-----------------+-----------------+
; Pin            ; I/O Standard ; 10-90 Rise Time ; 90-10 Fall Time ;
+----------------+--------------+-----------------+-----------------+
; habilita       ; 2.5 V        ; 2000 ps         ; 2000 ps         ;
; clock          ; 2.5 V        ; 2000 ps         ; 2000 ps         ;
; ~ALTERA_DATA0~ ; 2.5 V        ; 2000 ps         ; 2000 ps         ;
; ~ALTERA_ASDO~  ; 2.5 V        ; 2000 ps         ; 2000 ps         ;
; ~ALTERA_NCSO~  ; 2.5 V        ; 2000 ps         ; 2000 ps         ;
+----------------+--------------+-----------------+-----------------+


+--------------------------------------------------------------------------------------------------------------------------------------------------------------------------------------------------------------------------------------------------------------------------------------------------------------------------------------------------------------------------------------------------------------------------------------------------------------------------------------------------------------------------------------------------------------------------------------------------------------------------------------------------------------------------------------------+
; Signal Integrity Metrics (Slow 1200mv 0c Model)                                                                                                                                                                                                                                                                                                                                                                                                                                                                                                                                                                                                                                            ;
+---------------+--------------+---------------------+---------------------+------------------------------+------------------------------+---------------------+---------------------+--------------------------------------+--------------------------------------+-----------------------------+-----------------------------+----------------------------+----------------------------+-----------------------------+-----------------------------+--------------------+--------------------+-------------------------------------+-------------------------------------+----------------------------+----------------------------+---------------------------+---------------------------+
; Pin           ; I/O Standard ; Board Delay on Rise ; Board Delay on Fall ; Steady State Voh at FPGA Pin ; Steady State Vol at FPGA Pin ; Voh Max at FPGA Pin ; Vol Min at FPGA Pin ; Ringback Voltage on Rise at FPGA Pin ; Ringback Voltage on Fall at FPGA Pin ; 10-90 Rise Time at FPGA Pin ; 90-10 Fall Time at FPGA Pin ; Monotonic Rise at FPGA Pin ; Monotonic Fall at FPGA Pin ; Steady State Voh at Far-end ; Steady State Vol at Far-end ; Voh Max at Far-end ; Vol Min at Far-end ; Ringback Voltage on Rise at Far-end ; Ringback Voltage on Fall at Far-end ; 10-90 Rise Time at Far-end ; 90-10 Fall Time at Far-end ; Monotonic Rise at Far-end ; Monotonic Fall at Far-end ;
+---------------+--------------+---------------------+---------------------+------------------------------+------------------------------+---------------------+---------------------+--------------------------------------+--------------------------------------+-----------------------------+-----------------------------+----------------------------+----------------------------+-----------------------------+-----------------------------+--------------------+--------------------+-------------------------------------+-------------------------------------+----------------------------+----------------------------+---------------------------+---------------------------+
; abcdefg[0]    ; 2.5 V        ; 0 s                 ; 0 s                 ; 2.32 V                       ; 7.29e-09 V                   ; 2.39 V              ; -0.00317 V          ; 0.179 V                              ; 0.007 V                              ; 4.7e-10 s                   ; 4.72e-10 s                  ; No                         ; Yes                        ; 2.32 V                      ; 7.29e-09 V                  ; 2.39 V             ; -0.00317 V         ; 0.179 V                             ; 0.007 V                             ; 4.7e-10 s                  ; 4.72e-10 s                 ; No                        ; Yes                       ;
; abcdefg[1]    ; 2.5 V        ; 0 s                 ; 0 s                 ; 2.32 V                       ; 7.29e-09 V                   ; 2.34 V              ; -0.00668 V          ; 0.218 V                              ; 0.076 V                              ; 1.92e-09 s                  ; 1.81e-09 s                  ; No                         ; Yes                        ; 2.32 V                      ; 7.29e-09 V                  ; 2.34 V             ; -0.00668 V         ; 0.218 V                             ; 0.076 V                             ; 1.92e-09 s                 ; 1.81e-09 s                 ; No                        ; Yes                       ;
; abcdefg[2]    ; 2.5 V        ; 0 s                 ; 0 s                 ; 2.32 V                       ; 7.29e-09 V                   ; 2.39 V              ; -0.00317 V          ; 0.179 V                              ; 0.007 V                              ; 4.7e-10 s                   ; 4.72e-10 s                  ; No                         ; Yes                        ; 2.32 V                      ; 7.29e-09 V                  ; 2.39 V             ; -0.00317 V         ; 0.179 V                             ; 0.007 V                             ; 4.7e-10 s                  ; 4.72e-10 s                 ; No                        ; Yes                       ;
; abcdefg[3]    ; 2.5 V        ; 0 s                 ; 0 s                 ; 2.32 V                       ; 7.29e-09 V                   ; 2.39 V              ; -0.00339 V          ; 0.206 V                              ; 0.007 V                              ; 2.77e-10 s                  ; 3.24e-10 s                  ; Yes                        ; Yes                        ; 2.32 V                      ; 7.29e-09 V                  ; 2.39 V             ; -0.00339 V         ; 0.206 V                             ; 0.007 V                             ; 2.77e-10 s                 ; 3.24e-10 s                 ; Yes                       ; Yes                       ;
; abcdefg[4]    ; 2.5 V        ; 0 s                 ; 0 s                 ; 2.32 V                       ; 7.29e-09 V                   ; 2.39 V              ; -0.00317 V          ; 0.179 V                              ; 0.007 V                              ; 4.7e-10 s                   ; 4.72e-10 s                  ; No                         ; Yes                        ; 2.32 V                      ; 7.29e-09 V                  ; 2.39 V             ; -0.00317 V         ; 0.179 V                             ; 0.007 V                             ; 4.7e-10 s                  ; 4.72e-10 s                 ; No                        ; Yes                       ;
; abcdefg[5]    ; 2.5 V        ; 0 s                 ; 0 s                 ; 2.32 V                       ; 7.29e-09 V                   ; 2.39 V              ; -0.00339 V          ; 0.206 V                              ; 0.007 V                              ; 2.77e-10 s                  ; 3.24e-10 s                  ; Yes                        ; Yes                        ; 2.32 V                      ; 7.29e-09 V                  ; 2.39 V             ; -0.00339 V         ; 0.206 V                             ; 0.007 V                             ; 2.77e-10 s                 ; 3.24e-10 s                 ; Yes                       ; Yes                       ;
; abcdefg[6]    ; 2.5 V        ; 0 s                 ; 0 s                 ; 2.32 V                       ; 7.29e-09 V                   ; 2.39 V              ; -0.00317 V          ; 0.179 V                              ; 0.007 V                              ; 4.7e-10 s                   ; 4.72e-10 s                  ; No                         ; Yes                        ; 2.32 V                      ; 7.29e-09 V                  ; 2.39 V             ; -0.00317 V         ; 0.179 V                             ; 0.007 V                             ; 4.7e-10 s                  ; 4.72e-10 s                 ; No                        ; Yes                       ;
; ~ALTERA_NCEO~ ; 2.5 V        ; 0 s                 ; 0 s                 ; 2.32 V                       ; 4.76e-09 V                   ; 2.4 V               ; -0.034 V            ; 0.102 V                              ; 0.065 V                              ; 2.49e-10 s                  ; 3.49e-10 s                  ; Yes                        ; Yes                        ; 2.32 V                      ; 4.76e-09 V                  ; 2.4 V              ; -0.034 V           ; 0.102 V                             ; 0.065 V                             ; 2.49e-10 s                 ; 3.49e-10 s                 ; Yes                       ; Yes                       ;
; ~ALTERA_DCLK~ ; 2.5 V        ; 0 s                 ; 0 s                 ; 2.32 V                       ; 5.94e-09 V                   ; 2.39 V              ; -0.0344 V           ; 0.156 V                              ; 0.089 V                              ; 2.68e-10 s                  ; 2.6e-10 s                   ; Yes                        ; Yes                        ; 2.32 V                      ; 5.94e-09 V                  ; 2.39 V             ; -0.0344 V          ; 0.156 V                             ; 0.089 V                             ; 2.68e-10 s                 ; 2.6e-10 s                  ; Yes                       ; Yes                       ;
+---------------+--------------+---------------------+---------------------+------------------------------+------------------------------+---------------------+---------------------+--------------------------------------+--------------------------------------+-----------------------------+-----------------------------+----------------------------+----------------------------+-----------------------------+-----------------------------+--------------------+--------------------+-------------------------------------+-------------------------------------+----------------------------+----------------------------+---------------------------+---------------------------+


+--------------------------------------------------------------------------------------------------------------------------------------------------------------------------------------------------------------------------------------------------------------------------------------------------------------------------------------------------------------------------------------------------------------------------------------------------------------------------------------------------------------------------------------------------------------------------------------------------------------------------------------------------------------------------------------------+
; Signal Integrity Metrics (Slow 1200mv 85c Model)                                                                                                                                                                                                                                                                                                                                                                                                                                                                                                                                                                                                                                           ;
+---------------+--------------+---------------------+---------------------+------------------------------+------------------------------+---------------------+---------------------+--------------------------------------+--------------------------------------+-----------------------------+-----------------------------+----------------------------+----------------------------+-----------------------------+-----------------------------+--------------------+--------------------+-------------------------------------+-------------------------------------+----------------------------+----------------------------+---------------------------+---------------------------+
; Pin           ; I/O Standard ; Board Delay on Rise ; Board Delay on Fall ; Steady State Voh at FPGA Pin ; Steady State Vol at FPGA Pin ; Voh Max at FPGA Pin ; Vol Min at FPGA Pin ; Ringback Voltage on Rise at FPGA Pin ; Ringback Voltage on Fall at FPGA Pin ; 10-90 Rise Time at FPGA Pin ; 90-10 Fall Time at FPGA Pin ; Monotonic Rise at FPGA Pin ; Monotonic Fall at FPGA Pin ; Steady State Voh at Far-end ; Steady State Vol at Far-end ; Voh Max at Far-end ; Vol Min at Far-end ; Ringback Voltage on Rise at Far-end ; Ringback Voltage on Fall at Far-end ; 10-90 Rise Time at Far-end ; 90-10 Fall Time at Far-end ; Monotonic Rise at Far-end ; Monotonic Fall at Far-end ;
+---------------+--------------+---------------------+---------------------+------------------------------+------------------------------+---------------------+---------------------+--------------------------------------+--------------------------------------+-----------------------------+-----------------------------+----------------------------+----------------------------+-----------------------------+-----------------------------+--------------------+--------------------+-------------------------------------+-------------------------------------+----------------------------+----------------------------+---------------------------+---------------------------+
; abcdefg[0]    ; 2.5 V        ; 0 s                 ; 0 s                 ; 2.32 V                       ; 1.21e-06 V                   ; 2.36 V              ; -0.00833 V          ; 0.113 V                              ; 0.035 V                              ; 6.32e-10 s                  ; 5.89e-10 s                  ; No                         ; Yes                        ; 2.32 V                      ; 1.21e-06 V                  ; 2.36 V             ; -0.00833 V         ; 0.113 V                             ; 0.035 V                             ; 6.32e-10 s                 ; 5.89e-10 s                 ; No                        ; Yes                       ;
; abcdefg[1]    ; 2.5 V        ; 0 s                 ; 0 s                 ; 2.32 V                       ; 1.21e-06 V                   ; 2.33 V              ; -0.00286 V          ; 0.193 V                              ; 0.042 V                              ; 2.32e-09 s                  ; 2.21e-09 s                  ; Yes                        ; Yes                        ; 2.32 V                      ; 1.21e-06 V                  ; 2.33 V             ; -0.00286 V         ; 0.193 V                             ; 0.042 V                             ; 2.32e-09 s                 ; 2.21e-09 s                 ; Yes                       ; Yes                       ;
; abcdefg[2]    ; 2.5 V        ; 0 s                 ; 0 s                 ; 2.32 V                       ; 1.21e-06 V                   ; 2.36 V              ; -0.00833 V          ; 0.113 V                              ; 0.035 V                              ; 6.32e-10 s                  ; 5.89e-10 s                  ; No                         ; Yes                        ; 2.32 V                      ; 1.21e-06 V                  ; 2.36 V             ; -0.00833 V         ; 0.113 V                             ; 0.035 V                             ; 6.32e-10 s                 ; 5.89e-10 s                 ; No                        ; Yes                       ;
; abcdefg[3]    ; 2.5 V        ; 0 s                 ; 0 s                 ; 2.32 V                       ; 1.21e-06 V                   ; 2.37 V              ; -0.00606 V          ; 0.107 V                              ; 0.021 V                              ; 4.26e-10 s                  ; 4.03e-10 s                  ; Yes                        ; Yes                        ; 2.32 V                      ; 1.21e-06 V                  ; 2.37 V             ; -0.00606 V         ; 0.107 V                             ; 0.021 V                             ; 4.26e-10 s                 ; 4.03e-10 s                 ; Yes                       ; Yes                       ;
; abcdefg[4]    ; 2.5 V        ; 0 s                 ; 0 s                 ; 2.32 V                       ; 1.21e-06 V                   ; 2.36 V              ; -0.00833 V          ; 0.113 V                              ; 0.035 V                              ; 6.32e-10 s                  ; 5.89e-10 s                  ; No                         ; Yes                        ; 2.32 V                      ; 1.21e-06 V                  ; 2.36 V             ; -0.00833 V         ; 0.113 V                             ; 0.035 V                             ; 6.32e-10 s                 ; 5.89e-10 s                 ; No                        ; Yes                       ;
; abcdefg[5]    ; 2.5 V        ; 0 s                 ; 0 s                 ; 2.32 V                       ; 1.21e-06 V                   ; 2.37 V              ; -0.00606 V          ; 0.107 V                              ; 0.021 V                              ; 4.26e-10 s                  ; 4.03e-10 s                  ; Yes                        ; Yes                        ; 2.32 V                      ; 1.21e-06 V                  ; 2.37 V             ; -0.00606 V         ; 0.107 V                             ; 0.021 V                             ; 4.26e-10 s                 ; 4.03e-10 s                 ; Yes                       ; Yes                       ;
; abcdefg[6]    ; 2.5 V        ; 0 s                 ; 0 s                 ; 2.32 V                       ; 1.21e-06 V                   ; 2.36 V              ; -0.00833 V          ; 0.113 V                              ; 0.035 V                              ; 6.32e-10 s                  ; 5.89e-10 s                  ; No                         ; Yes                        ; 2.32 V                      ; 1.21e-06 V                  ; 2.36 V             ; -0.00833 V         ; 0.113 V                             ; 0.035 V                             ; 6.32e-10 s                 ; 5.89e-10 s                 ; No                        ; Yes                       ;
; ~ALTERA_NCEO~ ; 2.5 V        ; 0 s                 ; 0 s                 ; 2.32 V                       ; 7.93e-07 V                   ; 2.37 V              ; -0.0278 V           ; 0.106 V                              ; 0.115 V                              ; 2.69e-10 s                  ; 4.05e-10 s                  ; Yes                        ; Yes                        ; 2.32 V                      ; 7.93e-07 V                  ; 2.37 V             ; -0.0278 V          ; 0.106 V                             ; 0.115 V                             ; 2.69e-10 s                 ; 4.05e-10 s                 ; Yes                       ; Yes                       ;
; ~ALTERA_DCLK~ ; 2.5 V        ; 0 s                 ; 0 s                 ; 2.32 V                       ; 9.76e-07 V                   ; 2.36 V              ; -0.00439 V          ; 0.088 V                              ; 0.007 V                              ; 4.05e-10 s                  ; 3.35e-10 s                  ; Yes                        ; Yes                        ; 2.32 V                      ; 9.76e-07 V                  ; 2.36 V             ; -0.00439 V         ; 0.088 V                             ; 0.007 V                             ; 4.05e-10 s                 ; 3.35e-10 s                 ; Yes                       ; Yes                       ;
+---------------+--------------+---------------------+---------------------+------------------------------+------------------------------+---------------------+---------------------+--------------------------------------+--------------------------------------+-----------------------------+-----------------------------+----------------------------+----------------------------+-----------------------------+-----------------------------+--------------------+--------------------+-------------------------------------+-------------------------------------+----------------------------+----------------------------+---------------------------+---------------------------+


+--------------------------------------------------------------------------------------------------------------------------------------------------------------------------------------------------------------------------------------------------------------------------------------------------------------------------------------------------------------------------------------------------------------------------------------------------------------------------------------------------------------------------------------------------------------------------------------------------------------------------------------------------------------------------------------------+
; Signal Integrity Metrics (Fast 1200mv 0c Model)                                                                                                                                                                                                                                                                                                                                                                                                                                                                                                                                                                                                                                            ;
+---------------+--------------+---------------------+---------------------+------------------------------+------------------------------+---------------------+---------------------+--------------------------------------+--------------------------------------+-----------------------------+-----------------------------+----------------------------+----------------------------+-----------------------------+-----------------------------+--------------------+--------------------+-------------------------------------+-------------------------------------+----------------------------+----------------------------+---------------------------+---------------------------+
; Pin           ; I/O Standard ; Board Delay on Rise ; Board Delay on Fall ; Steady State Voh at FPGA Pin ; Steady State Vol at FPGA Pin ; Voh Max at FPGA Pin ; Vol Min at FPGA Pin ; Ringback Voltage on Rise at FPGA Pin ; Ringback Voltage on Fall at FPGA Pin ; 10-90 Rise Time at FPGA Pin ; 90-10 Fall Time at FPGA Pin ; Monotonic Rise at FPGA Pin ; Monotonic Fall at FPGA Pin ; Steady State Voh at Far-end ; Steady State Vol at Far-end ; Voh Max at Far-end ; Vol Min at Far-end ; Ringback Voltage on Rise at Far-end ; Ringback Voltage on Fall at Far-end ; 10-90 Rise Time at Far-end ; 90-10 Fall Time at Far-end ; Monotonic Rise at Far-end ; Monotonic Fall at Far-end ;
+---------------+--------------+---------------------+---------------------+------------------------------+------------------------------+---------------------+---------------------+--------------------------------------+--------------------------------------+-----------------------------+-----------------------------+----------------------------+----------------------------+-----------------------------+-----------------------------+--------------------+--------------------+-------------------------------------+-------------------------------------+----------------------------+----------------------------+---------------------------+---------------------------+
; abcdefg[0]    ; 2.5 V        ; 0 s                 ; 0 s                 ; 2.62 V                       ; 4.66e-08 V                   ; 2.72 V              ; -0.0215 V           ; 0.161 V                              ; 0.061 V                              ; 4.44e-10 s                  ; 4.06e-10 s                  ; No                         ; Yes                        ; 2.62 V                      ; 4.66e-08 V                  ; 2.72 V             ; -0.0215 V          ; 0.161 V                             ; 0.061 V                             ; 4.44e-10 s                 ; 4.06e-10 s                 ; No                        ; Yes                       ;
; abcdefg[1]    ; 2.5 V        ; 0 s                 ; 0 s                 ; 2.62 V                       ; 4.66e-08 V                   ; 2.65 V              ; -0.0115 V           ; 0.219 V                              ; 0.115 V                              ; 1.64e-09 s                  ; 1.57e-09 s                  ; No                         ; Yes                        ; 2.62 V                      ; 4.66e-08 V                  ; 2.65 V             ; -0.0115 V          ; 0.219 V                             ; 0.115 V                             ; 1.64e-09 s                 ; 1.57e-09 s                 ; No                        ; Yes                       ;
; abcdefg[2]    ; 2.5 V        ; 0 s                 ; 0 s                 ; 2.62 V                       ; 4.66e-08 V                   ; 2.72 V              ; -0.0215 V           ; 0.161 V                              ; 0.061 V                              ; 4.44e-10 s                  ; 4.06e-10 s                  ; No                         ; Yes                        ; 2.62 V                      ; 4.66e-08 V                  ; 2.72 V             ; -0.0215 V          ; 0.161 V                             ; 0.061 V                             ; 4.44e-10 s                 ; 4.06e-10 s                 ; No                        ; Yes                       ;
; abcdefg[3]    ; 2.5 V        ; 0 s                 ; 0 s                 ; 2.62 V                       ; 4.66e-08 V                   ; 2.73 V              ; -0.0205 V           ; 0.17 V                               ; 0.027 V                              ; 2.58e-10 s                  ; 2.57e-10 s                  ; Yes                        ; Yes                        ; 2.62 V                      ; 4.66e-08 V                  ; 2.73 V             ; -0.0205 V          ; 0.17 V                              ; 0.027 V                             ; 2.58e-10 s                 ; 2.57e-10 s                 ; Yes                       ; Yes                       ;
; abcdefg[4]    ; 2.5 V        ; 0 s                 ; 0 s                 ; 2.62 V                       ; 4.66e-08 V                   ; 2.72 V              ; -0.0215 V           ; 0.161 V                              ; 0.061 V                              ; 4.44e-10 s                  ; 4.06e-10 s                  ; No                         ; Yes                        ; 2.62 V                      ; 4.66e-08 V                  ; 2.72 V             ; -0.0215 V          ; 0.161 V                             ; 0.061 V                             ; 4.44e-10 s                 ; 4.06e-10 s                 ; No                        ; Yes                       ;
; abcdefg[5]    ; 2.5 V        ; 0 s                 ; 0 s                 ; 2.62 V                       ; 4.66e-08 V                   ; 2.73 V              ; -0.0205 V           ; 0.17 V                               ; 0.027 V                              ; 2.58e-10 s                  ; 2.57e-10 s                  ; Yes                        ; Yes                        ; 2.62 V                      ; 4.66e-08 V                  ; 2.73 V             ; -0.0205 V          ; 0.17 V                              ; 0.027 V                             ; 2.58e-10 s                 ; 2.57e-10 s                 ; Yes                       ; Yes                       ;
; abcdefg[6]    ; 2.5 V        ; 0 s                 ; 0 s                 ; 2.62 V                       ; 4.66e-08 V                   ; 2.72 V              ; -0.0215 V           ; 0.161 V                              ; 0.061 V                              ; 4.44e-10 s                  ; 4.06e-10 s                  ; No                         ; Yes                        ; 2.62 V                      ; 4.66e-08 V                  ; 2.72 V             ; -0.0215 V          ; 0.161 V                             ; 0.061 V                             ; 4.44e-10 s                 ; 4.06e-10 s                 ; No                        ; Yes                       ;
; ~ALTERA_NCEO~ ; 2.5 V        ; 0 s                 ; 0 s                 ; 2.62 V                       ; 3.06e-08 V                   ; 2.86 V              ; -0.0341 V           ; 0.364 V                              ; 0.046 V                              ; 1.17e-10 s                  ; 2.6e-10 s                   ; No                         ; Yes                        ; 2.62 V                      ; 3.06e-08 V                  ; 2.86 V             ; -0.0341 V          ; 0.364 V                             ; 0.046 V                             ; 1.17e-10 s                 ; 2.6e-10 s                  ; No                        ; Yes                       ;
; ~ALTERA_DCLK~ ; 2.5 V        ; 0 s                 ; 0 s                 ; 2.62 V                       ; 3.81e-08 V                   ; 2.72 V              ; -0.0542 V           ; 0.144 V                              ; 0.087 V                              ; 2.55e-10 s                  ; 2.14e-10 s                  ; Yes                        ; Yes                        ; 2.62 V                      ; 3.81e-08 V                  ; 2.72 V             ; -0.0542 V          ; 0.144 V                             ; 0.087 V                             ; 2.55e-10 s                 ; 2.14e-10 s                 ; Yes                       ; Yes                       ;
+---------------+--------------+---------------------+---------------------+------------------------------+------------------------------+---------------------+---------------------+--------------------------------------+--------------------------------------+-----------------------------+-----------------------------+----------------------------+----------------------------+-----------------------------+-----------------------------+--------------------+--------------------+-------------------------------------+-------------------------------------+----------------------------+----------------------------+---------------------------+---------------------------+


+-------------------------------------------------------------------+
; Setup Transfers                                                   ;
+------------+----------+----------+----------+----------+----------+
; From Clock ; To Clock ; RR Paths ; FR Paths ; RF Paths ; FF Paths ;
+------------+----------+----------+----------+----------+----------+
; clock      ; clock    ; 15       ; 0        ; 0        ; 0        ;
+------------+----------+----------+----------+----------+----------+
Entries labeled "false path" only account for clock-to-clock false paths and not path-based false paths. As a result, actual path counts may be lower than reported.


+-------------------------------------------------------------------+
; Hold Transfers                                                    ;
+------------+----------+----------+----------+----------+----------+
; From Clock ; To Clock ; RR Paths ; FR Paths ; RF Paths ; FF Paths ;
+------------+----------+----------+----------+----------+----------+
; clock      ; clock    ; 15       ; 0        ; 0        ; 0        ;
+------------+----------+----------+----------+----------+----------+
Entries labeled "false path" only account for clock-to-clock false paths and not path-based false paths. As a result, actual path counts may be lower than reported.


---------------
; Report TCCS ;
---------------
No dedicated SERDES Transmitter circuitry present in device or used in design


---------------
; Report RSKM ;
---------------
No non-DPA dedicated SERDES Receiver circuitry present in device or used in design


+------------------------------------------------+
; Unconstrained Paths                            ;
+---------------------------------+-------+------+
; Property                        ; Setup ; Hold ;
+---------------------------------+-------+------+
; Illegal Clocks                  ; 0     ; 0    ;
; Unconstrained Clocks            ; 0     ; 0    ;
; Unconstrained Input Ports       ; 1     ; 1    ;
; Unconstrained Input Port Paths  ; 7     ; 7    ;
; Unconstrained Output Ports      ; 7     ; 7    ;
; Unconstrained Output Port Paths ; 32    ; 32   ;
+---------------------------------+-------+------+


+------------------------------------+
; TimeQuest Timing Analyzer Messages ;
+------------------------------------+
Info: *******************************************************************
Info: Running Quartus II 64-Bit TimeQuest Timing Analyzer
    Info: Version 14.1.0 Build 186 12/03/2014 SJ Web Edition
    Info: Processing started: Wed May 03 08:52:54 2017
Info: Command: quartus_sta 7segmentosWithClock -c 7segmentosWithClock
Info: qsta_default_script.tcl version: #3
Warning (20028): Parallel compilation is not licensed and has been disabled
Info (21076): High junction temperature operating condition is not set. Assuming a default value of '85'.
Info (21076): Low junction temperature operating condition is not set. Assuming a default value of '0'.
Critical Warning (332012): Synopsys Design Constraints File file not found: '7segmentosWithClock.sdc'. A Synopsys Design Constraints File is required by the TimeQuest Timing Analyzer to get proper timing constraints. Without it, the Compiler will not properly optimize the design.
Info (332142): No user constrained base clocks found in the design. Calling "derive_clocks -period 1.0"
Info (332105): Deriving Clocks
    Info (332105): create_clock -period 1.000 -name clock clock
Info (332143): No user constrained clock uncertainty found in the design. Calling "derive_clock_uncertainty"
Info (332123): Deriving Clock Uncertainty. Please refer to report_sdc in TimeQuest to see clock uncertainties.
Info: Found TIMEQUEST_REPORT_SCRIPT_INCLUDE_DEFAULT_ANALYSIS = ON
Info: Analyzing Slow 1200mV 85C Model
Critical Warning (332148): Timing requirements not met
    Info (11105): For recommendations on closing timing, run Report Timing Closure Recommendations in the TimeQuest Timing Analyzer.
Info (332146): Worst-case setup slack is -0.184
    Info (332119):     Slack       End Point TNS Clock 
    Info (332119): ========= =================== =====================
    Info (332119):    -0.184              -0.556 clock 
Info (332146): Worst-case hold slack is 0.356
    Info (332119):     Slack       End Point TNS Clock 
    Info (332119): ========= =================== =====================
    Info (332119):     0.356               0.000 clock 
Info (332140): No Recovery paths to report
Info (332140): No Removal paths to report
Info (332146): Worst-case minimum pulse width slack is -3.000
    Info (332119):     Slack       End Point TNS Clock 
    Info (332119): ========= =================== =====================
    Info (332119):    -3.000              -7.000 clock 
Info: Analyzing Slow 1200mV 0C Model
Info (334003): Started post-fitting delay annotation
Info (334004): Delay annotation completed successfully
Info (332123): Deriving Clock Uncertainty. Please refer to report_sdc in TimeQuest to see clock uncertainties.
Critical Warning (332148): Timing requirements not met
    Info (11105): For recommendations on closing timing, run Report Timing Closure Recommendations in the TimeQuest Timing Analyzer.
Info (332146): Worst-case setup slack is -0.056
    Info (332119):     Slack       End Point TNS Clock 
    Info (332119): ========= =================== =====================
    Info (332119):    -0.056              -0.106 clock 
Info (332146): Worst-case hold slack is 0.310
    Info (332119):     Slack       End Point TNS Clock 
    Info (332119): ========= =================== =====================
    Info (332119):     0.310               0.000 clock 
Info (332140): No Recovery paths to report
Info (332140): No Removal paths to report
Info (332146): Worst-case minimum pulse width slack is -3.000
    Info (332119):     Slack       End Point TNS Clock 
    Info (332119): ========= =================== =====================
    Info (332119):    -3.000              -7.000 clock 
Info: Analyzing Fast 1200mV 0C Model
Info (332123): Deriving Clock Uncertainty. Please refer to report_sdc in TimeQuest to see clock uncertainties.
Info (332146): Worst-case setup slack is 0.331
    Info (332119):     Slack       End Point TNS Clock 
    Info (332119): ========= =================== =====================
    Info (332119):     0.331               0.000 clock 
Info (332146): Worst-case hold slack is 0.186
    Info (332119):     Slack       End Point TNS Clock 
    Info (332119): ========= =================== =====================
    Info (332119):     0.186               0.000 clock 
Info (332140): No Recovery paths to report
Info (332140): No Removal paths to report
Critical Warning (332148): Timing requirements not met
    Info (11105): For recommendations on closing timing, run Report Timing Closure Recommendations in the TimeQuest Timing Analyzer.
Info (332146): Worst-case minimum pulse width slack is -3.000
    Info (332119):     Slack       End Point TNS Clock 
    Info (332119): ========= =================== =====================
    Info (332119):    -3.000              -7.108 clock 
Info (332102): Design is not fully constrained for setup requirements
Info (332102): Design is not fully constrained for hold requirements
Info: Quartus II 64-Bit TimeQuest Timing Analyzer was successful. 0 errors, 5 warnings
    Info: Peak virtual memory: 584 megabytes
    Info: Processing ended: Wed May 03 08:52:58 2017
    Info: Elapsed time: 00:00:04
    Info: Total CPU time (on all processors): 00:00:03


